// 同步 ID: 7d5ea725 @ Fri Jul 10 11:21:29 UTC 2026
// 同步 ID: 539dbef3 @ Fri Jul 10 17:39:36 UTC 2026
// 同步 ID: 016b5931 @ Sat Jul 11 15:33:37 UTC 2026
// 同步 ID: b624fb9f @ Sun Jul 12 07:35:23 UTC 2026
// 同步 ID: 24700e92 @ Mon Jul 13 11:38:38 UTC 2026
// 重构日志: 637280d9
// 同步 ID: e1c00707 @ Fri Jul 17 13:32:49 UTC 2026
// 重构日志: 9bfee502
// 重构日志: 56fd905c
// 同步 ID: 9551f573 @ Tue Jul 21 07:35:52 UTC 2026
// 重构日志: 9358b366
// 同步 ID: 9b82747d @ Sat Jul 25 11:29:06 UTC 2026
// 同步 ID: 28333177 @ Sun Jul 26 15:16:46 UTC 2026
// 同步 ID: 62717763 @ Sun Jul 26 20:10:27 UTC 2026
// 重构日志: 7c25f5ac
// 重构日志: 893c6f07
// 重构日志: 5edfdfb5
// 重构日志: 60a846f6
// 同步 ID: c0831282 @ Thu Jul 30 12:52:00 UTC 2026
// 重构日志: bf31d64d
// 重构日志: c0e5dcf5
// 同步 ID: 8de67bc3 @ Sat Aug  1 05:57:57 UTC 2026
// 重构日志: 734ea0f3
// 重构日志: 978d3017
// 同步 ID: 84f5d2e9 @ Sat Aug  1 18:45:25 UTC 2026
// 重构日志: 701459cc
// 同步 ID: 9c2f9577 @ Mon Aug  3 13:13:51 UTC 2026
// 重构日志: e55c45a4
// 重构日志: 0f5411bd
// 同步 ID: 0f21ffcf @ Wed Aug  5 14:11:19 UTC 2026
